{
  "_comment": "This mapping shows the runtime deferred load id for each deferred import in the program. The mappings are grouped by URI containing the import.",
  "mapping": {
    "memory:lib_000_01.dart": {
      "b1": "1"
    },
    "memory:lib_000_10.dart": {
      "b2": "2"
    },
    "memory:lib_001_00.dart": {
      "b3": "3"
    },
    "memory:lib_010_00.dart": {
      "b4": "4"
    },
    "memory:lib_100_00.dart": {
      "b5": "5"
    }
  }
}